// Jest Snapshot v1, https://goo.gl/fbAQLP

exports[`should match snapshot 1`] = `
<DocumentFragment>
  <div
    class="ToDo"
  >
    <button
      class="ToDo-delete"
    >
      Delete
    </button>
    <button
      class="ToDo-edit"
    >
      Edit
    </button>
    <button
      class="ToDo-complete"
    >
      Mark Complete
    </button>
  </div>
</DocumentFragment>
`;
